Archive member included to satisfy reference by file (symbol)

c:/program files (x86)/gnu arm embedded toolchain/10 2021.10/bin/../lib/gcc/arm-none-eabi/10.3.1/../../../../arm-none-eabi/lib/thumb/v7-m/nofp\libc_nano.a(lib_a-exit.o)
                              c:/program files (x86)/gnu arm embedded toolchain/10 2021.10/bin/../lib/gcc/arm-none-eabi/10.3.1/../../../../arm-none-eabi/lib/thumb/v7-m/nofp/crt0.o (exit)
c:/program files (x86)/gnu arm embedded toolchain/10 2021.10/bin/../lib/gcc/arm-none-eabi/10.3.1/../../../../arm-none-eabi/lib/thumb/v7-m/nofp\libc_nano.a(lib_a-impure.o)
                              c:/program files (x86)/gnu arm embedded toolchain/10 2021.10/bin/../lib/gcc/arm-none-eabi/10.3.1/../../../../arm-none-eabi/lib/thumb/v7-m/nofp\libc_nano.a(lib_a-exit.o) (_global_impure_ptr)
c:/program files (x86)/gnu arm embedded toolchain/10 2021.10/bin/../lib/gcc/arm-none-eabi/10.3.1/../../../../arm-none-eabi/lib/thumb/v7-m/nofp\libc_nano.a(lib_a-init.o)
                              c:/program files (x86)/gnu arm embedded toolchain/10 2021.10/bin/../lib/gcc/arm-none-eabi/10.3.1/../../../../arm-none-eabi/lib/thumb/v7-m/nofp/crt0.o (__libc_init_array)
c:/program files (x86)/gnu arm embedded toolchain/10 2021.10/bin/../lib/gcc/arm-none-eabi/10.3.1/../../../../arm-none-eabi/lib/thumb/v7-m/nofp\libc_nano.a(lib_a-memcpy-stub.o)
                              build/SEGGER_RTT.o (memcpy)
c:/program files (x86)/gnu arm embedded toolchain/10 2021.10/bin/../lib/gcc/arm-none-eabi/10.3.1/../../../../arm-none-eabi/lib/thumb/v7-m/nofp\libc_nano.a(lib_a-memset.o)
                              c:/program files (x86)/gnu arm embedded toolchain/10 2021.10/bin/../lib/gcc/arm-none-eabi/10.3.1/../../../../arm-none-eabi/lib/thumb/v7-m/nofp/crt0.o (memset)
c:/program files (x86)/gnu arm embedded toolchain/10 2021.10/bin/../lib/gcc/arm-none-eabi/10.3.1/../../../../arm-none-eabi/lib/thumb/v7-m/nofp\libc_nano.a(lib_a-strlen.o)
                              build/SEGGER_RTT.o (strlen)
c:/program files (x86)/gnu arm embedded toolchain/10 2021.10/bin/../lib/gcc/arm-none-eabi/10.3.1/../../../../arm-none-eabi/lib/thumb/v7-m/nofp\libnosys.a(_exit.o)
                              c:/program files (x86)/gnu arm embedded toolchain/10 2021.10/bin/../lib/gcc/arm-none-eabi/10.3.1/../../../../arm-none-eabi/lib/thumb/v7-m/nofp\libc_nano.a(lib_a-exit.o) (_exit)

Discarded input sections

 .text          0x00000000        0x0 c:/program files (x86)/gnu arm embedded toolchain/10 2021.10/bin/../lib/gcc/arm-none-eabi/10.3.1/thumb/v7-m/nofp/crti.o
 .data          0x00000000        0x0 c:/program files (x86)/gnu arm embedded toolchain/10 2021.10/bin/../lib/gcc/arm-none-eabi/10.3.1/thumb/v7-m/nofp/crti.o
 .bss           0x00000000        0x0 c:/program files (x86)/gnu arm embedded toolchain/10 2021.10/bin/../lib/gcc/arm-none-eabi/10.3.1/thumb/v7-m/nofp/crti.o
 .data          0x00000000        0x4 c:/program files (x86)/gnu arm embedded toolchain/10 2021.10/bin/../lib/gcc/arm-none-eabi/10.3.1/thumb/v7-m/nofp/crtbegin.o
 .rodata        0x00000000       0x24 c:/program files (x86)/gnu arm embedded toolchain/10 2021.10/bin/../lib/gcc/arm-none-eabi/10.3.1/thumb/v7-m/nofp/crtbegin.o
 .text          0x00000000       0x7c c:/program files (x86)/gnu arm embedded toolchain/10 2021.10/bin/../lib/gcc/arm-none-eabi/10.3.1/../../../../arm-none-eabi/lib/thumb/v7-m/nofp/crt0.o
 .data          0x00000000        0x0 c:/program files (x86)/gnu arm embedded toolchain/10 2021.10/bin/../lib/gcc/arm-none-eabi/10.3.1/../../../../arm-none-eabi/lib/thumb/v7-m/nofp/crt0.o
 .bss           0x00000000        0x0 c:/program files (x86)/gnu arm embedded toolchain/10 2021.10/bin/../lib/gcc/arm-none-eabi/10.3.1/../../../../arm-none-eabi/lib/thumb/v7-m/nofp/crt0.o
 .ARM.extab     0x00000000        0x0 c:/program files (x86)/gnu arm embedded toolchain/10 2021.10/bin/../lib/gcc/arm-none-eabi/10.3.1/../../../../arm-none-eabi/lib/thumb/v7-m/nofp/crt0.o
 .ARM.exidx     0x00000000       0x10 c:/program files (x86)/gnu arm embedded toolchain/10 2021.10/bin/../lib/gcc/arm-none-eabi/10.3.1/../../../../arm-none-eabi/lib/thumb/v7-m/nofp/crt0.o
 .ARM.attributes
                0x00000000       0x1b c:/program files (x86)/gnu arm embedded toolchain/10 2021.10/bin/../lib/gcc/arm-none-eabi/10.3.1/../../../../arm-none-eabi/lib/thumb/v7-m/nofp/crt0.o
 .text          0x00000000        0x0 build/main.o
 .data          0x00000000        0x0 build/main.o
 .bss           0x00000000        0x0 build/main.o
 .text          0x00000000        0x0 build/gpio.o
 .data          0x00000000        0x0 build/gpio.o
 .bss           0x00000000        0x0 build/gpio.o
 .text.MX_GPIO_Init
                0x00000000       0x30 build/gpio.o
 .debug_info    0x00000000      0x199 build/gpio.o
 .debug_abbrev  0x00000000       0xc1 build/gpio.o
 .debug_loc     0x00000000       0x2c build/gpio.o
 .debug_aranges
                0x00000000       0x20 build/gpio.o
 .debug_ranges  0x00000000       0x10 build/gpio.o
[...]
Memory Configuration

Name             Origin             Length             Attributes
RAM              0x20000000         0x00010000         xrw
FLASH            0x08000000         0x00080000         xr
*default*        0x00000000         0xffffffff

Linker script and memory map

LOAD c:/program files (x86)/gnu arm embedded toolchain/10 2021.10/bin/../lib/gcc/arm-none-eabi/10.3.1/thumb/v7-m/nofp/crti.o
LOAD c:/program files (x86)/gnu arm embedded toolchain/10 2021.10/bin/../lib/gcc/arm-none-eabi/10.3.1/thumb/v7-m/nofp/crtbegin.o
LOAD c:/program files (x86)/gnu arm embedded toolchain/10 2021.10/bin/../lib/gcc/arm-none-eabi/10.3.1/../../../../arm-none-eabi/lib/thumb/v7-m/nofp/crt0.o
LOAD build/main.o
LOAD build/gpio.o
LOAD build/stm32f1xx_it.o
LOAD build/stm32f1xx_hal_msp.o
LOAD build/stm32f1xx_hal_gpio_ex.o
LOAD build/stm32f1xx_hal_tim.o
LOAD build/stm32f1xx_hal_tim_ex.o
LOAD build/stm32f1xx_hal_uart.o
LOAD build/stm32f1xx_hal.o
LOAD build/stm32f1xx_hal_rcc.o
LOAD build/stm32f1xx_hal_rcc_ex.o
LOAD build/stm32f1xx_hal_gpio.o
LOAD build/stm32f1xx_hal_dma.o
LOAD build/stm32f1xx_hal_cortex.o
LOAD build/stm32f1xx_hal_pwr.o
LOAD build/stm32f1xx_hal_flash.o
LOAD build/stm32f1xx_hal_flash_ex.o
LOAD build/stm32f1xx_hal_exti.o
LOAD build/system_stm32f1xx.o
LOAD build/SEGGER_RTT_printf.o
LOAD build/SEGGER_RTT.o
LOAD build/delay.o
LOAD build/sys.o
LOAD build/usart.o
LOAD build/startup_stm32f103xe.o
LOAD c:/program files (x86)/gnu arm embedded toolchain/10 2021.10/bin/../lib/gcc/arm-none-eabi/10.3.1/../../../../arm-none-eabi/lib/thumb/v7-m/nofp\libc_nano.a
LOAD c:/program files (x86)/gnu arm embedded toolchain/10 2021.10/bin/../lib/gcc/arm-none-eabi/10.3.1/../../../../arm-none-eabi/lib/thumb/v7-m/nofp\libm.a
LOAD c:/program files (x86)/gnu arm embedded toolchain/10 2021.10/bin/../lib/gcc/arm-none-eabi/10.3.1/../../../../arm-none-eabi/lib/thumb/v7-m/nofp\libnosys.a
START GROUP
LOAD c:/program files (x86)/gnu arm embedded toolchain/10 2021.10/bin/../lib/gcc/arm-none-eabi/10.3.1/thumb/v7-m/nofp\libgcc.a
LOAD c:/program files (x86)/gnu arm embedded toolchain/10 2021.10/bin/../lib/gcc/arm-none-eabi/10.3.1/../../../../arm-none-eabi/lib/thumb/v7-m/nofp\libc_nano.a
END GROUP
START GROUP
LOAD c:/program files (x86)/gnu arm embedded toolchain/10 2021.10/bin/../lib/gcc/arm-none-eabi/10.3.1/thumb/v7-m/nofp\libgcc.a
LOAD c:/program files (x86)/gnu arm embedded toolchain/10 2021.10/bin/../lib/gcc/arm-none-eabi/10.3.1/../../../../arm-none-eabi/lib/thumb/v7-m/nofp\libc_nano.a
END GROUP
LOAD c:/program files (x86)/gnu arm embedded toolchain/10 2021.10/bin/../lib/gcc/arm-none-eabi/10.3.1/thumb/v7-m/nofp/crtend.o
LOAD c:/program files (x86)/gnu arm embedded toolchain/10 2021.10/bin/../lib/gcc/arm-none-eabi/10.3.1/thumb/v7-m/nofp/crtn.o
                0x20010000                _estack = 0x20010000
                0x00000200                _Min_Heap_Size = 0x200
                0x00000400                _Min_Stack_Size = 0x400

.isr_vector     0x08000000      0x1e4
                0x08000000                . = ALIGN (0x4)
 *(.isr_vector)
 .isr_vector    0x08000000      0x1e4 build/startup_stm32f103xe.o
                0x08000000                g_pfnVectors
                0x080001e4                . = ALIGN (0x4)

.text           0x080001e4     0x1608
                0x080001e4                . = ALIGN (0x4)
 *(.text)
 .text          0x080001e4       0x40 c:/program files (x86)/gnu arm embedded toolchain/10 2021.10/bin/../lib/gcc/arm-none-eabi/10.3.1/thumb/v7-m/nofp/crtbegin.o
 *(.text*)
 .text.GPIOA_Init
                0x08000224       0x78 build/main.o
                0x08000224                GPIOA_Init
 .text.PWM_MG90S
                0x0800029c       0x58 build/main.o
                0x0800029c                PWM_MG90S
 .text.Beep_Init
                0x080002f4       0x48 build/main.o
                0x080002f4                Beep_Init
 .text.LED_Init
                0x0800033c       0x70 build/main.o
                0x0800033c                LED_Init
 .text.Key_Init
                0x080003ac       0x60 build/main.o
                0x080003ac                Key_Init
 .text.Key_Scan
                0x0800040c       0x9c build/main.o
                0x0800040c                Key_Scan
 .text.main     0x080004a8      0x13c build/main.o
                0x080004a8                main
 .text.NMI_Handler
                0x080005e4        0x2 build/stm32f1xx_it.o
                0x080005e4                NMI_Handler
 .text.HardFault_Handler
                0x080005e6        0x2 build/stm32f1xx_it.o
                0x080005e6                HardFault_Handler
 .text.MemManage_Handler
                0x080005e8        0x2 build/stm32f1xx_it.o
                0x080005e8                MemManage_Handler
 .text.BusFault_Handler
                0x080005ea        0x2 build/stm32f1xx_it.o
                0x080005ea                BusFault_Handler
 .text.UsageFault_Handler
                0x080005ec        0x2 build/stm32f1xx_it.o
                0x080005ec                UsageFault_Handler
 .text.SVC_Handler
                0x080005ee        0x2 build/stm32f1xx_it.o
                0x080005ee                SVC_Handler
 .text.DebugMon_Handler
                0x080005f0        0x2 build/stm32f1xx_it.o
                0x080005f0                DebugMon_Handler
 .text.PendSV_Handler
                0x080005f2        0x2 build/stm32f1xx_it.o
                0x080005f2                PendSV_Handler
 .text.SysTick_Handler
                0x080005f4        0x8 build/stm32f1xx_it.o
                0x080005f4                SysTick_Handler
 .text.HAL_MspInit
                0x080005fc       0x44 build/stm32f1xx_hal_msp.o
                0x080005fc                HAL_MspInit
 .text.UART_EndRxTransfer
                0x08000640       0x32 build/stm32f1xx_hal_uart.o
 .text.UART_Transmit_IT
                0x08000672       0x60 build/stm32f1xx_hal_uart.o
 .text.HAL_UART_TxCpltCallback
                0x080006d2        0x2 build/stm32f1xx_hal_uart.o
                0x080006d2                HAL_UART_TxCpltCallback
 .text.UART_EndTransmit_IT
                0x080006d4       0x1a build/stm32f1xx_hal_uart.o
 .text.HAL_UART_ErrorCallback
                0x080006ee        0x2 build/stm32f1xx_hal_uart.o
                0x080006ee                HAL_UART_ErrorCallback
 .text.UART_DMAAbortOnError
                0x080006f0       0x10 build/stm32f1xx_hal_uart.o
 .text.HAL_UARTEx_RxEventCallback
                0x08000700        0x2 build/stm32f1xx_hal_uart.o
                0x08000700                HAL_UARTEx_RxEventCallback
 .text.UART_Receive_IT
                0x08000702       0xd4 build/stm32f1xx_hal_uart.o
 *fill*         0x080007d6        0x2 
 .text.HAL_UART_IRQHandler
                0x080007d8      0x204 build/stm32f1xx_hal_uart.o
                0x080007d8                HAL_UART_IRQHandler
 .text.HAL_UART_GetState
                0x080009dc        0xc build/stm32f1xx_hal_uart.o
                0x080009dc                HAL_UART_GetState
 .text.UART_Start_Receive_IT
                0x080009e8       0x36 build/stm32f1xx_hal_uart.o
                0x080009e8                UART_Start_Receive_IT
 .text.HAL_UART_Receive_IT
                0x08000a1e       0x38 build/stm32f1xx_hal_uart.o
                0x08000a1e                HAL_UART_Receive_IT
 *fill*         0x08000a56        0x2 
 .text.HAL_InitTick
                0x08000a58       0x4c build/stm32f1xx_hal.o
                0x08000a58                HAL_InitTick
 .text.HAL_Init
                0x08000aa4       0x24 build/stm32f1xx_hal.o
                0x08000aa4                HAL_Init
 .text.HAL_IncTick
                0x08000ac8       0x18 build/stm32f1xx_hal.o
                0x08000ac8                HAL_IncTick
 .text.HAL_GetTick
                0x08000ae0        0xc build/stm32f1xx_hal.o
                0x08000ae0                HAL_GetTick
 .text.RCC_Delay
                0x08000aec       0x2c build/stm32f1xx_hal_rcc.o
 .text.HAL_RCC_OscConfig
                0x08000b18      0x410 build/stm32f1xx_hal_rcc.o
                0x08000b18                HAL_RCC_OscConfig
 .text.HAL_RCC_GetSysClockFreq
                0x08000f28       0x70 build/stm32f1xx_hal_rcc.o
                0x08000f28                HAL_RCC_GetSysClockFreq
 .text.HAL_RCC_ClockConfig
                0x08000f98      0x16c build/stm32f1xx_hal_rcc.o
                0x08000f98                HAL_RCC_ClockConfig
 .text.HAL_GPIO_Init
                0x08001104      0x240 build/stm32f1xx_hal_gpio.o
                0x08001104                HAL_GPIO_Init
 .text.HAL_GPIO_ReadPin
                0x08001344        0xe build/stm32f1xx_hal_gpio.o
                0x08001344                HAL_GPIO_ReadPin
 .text.HAL_GPIO_WritePin
                0x08001352        0xc build/stm32f1xx_hal_gpio.o
                0x08001352                HAL_GPIO_WritePin
 .text.HAL_DMA_Abort
                0x0800135e       0x44 build/stm32f1xx_hal_dma.o
                0x0800135e                HAL_DMA_Abort
 *fill*         0x080013a2        0x2 
 .text.HAL_DMA_Abort_IT
                0x080013a4      0x168 build/stm32f1xx_hal_dma.o
                0x080013a4                HAL_DMA_Abort_IT
 .text.HAL_NVIC_SetPriorityGrouping
                0x0800150c       0x24 build/stm32f1xx_hal_cortex.o
                0x0800150c                HAL_NVIC_SetPriorityGrouping
 .text.HAL_NVIC_SetPriority
                0x08001530       0x70 build/stm32f1xx_hal_cortex.o
                0x08001530                HAL_NVIC_SetPriority
 .text.HAL_SYSTICK_Config
                0x080015a0       0x28 build/stm32f1xx_hal_cortex.o
                0x080015a0                HAL_SYSTICK_Config
 .text.HAL_SYSTICK_CLKSourceConfig
                0x080015c8       0x20 build/stm32f1xx_hal_cortex.o
                0x080015c8                HAL_SYSTICK_CLKSourceConfig
 .text.SystemInit
                0x080015e8        0x2 build/system_stm32f1xx.o
                0x080015e8                SystemInit
 *fill*         0x080015ea        0x2 
 .text.delay_init
                0x080015ec       0x14 build/delay.o
                0x080015ec                delay_init
 .text.delay_us
                0x08001600       0x3c build/delay.o
                0x08001600                delay_us
 .text.delay_ms
                0x0800163c       0x18 build/delay.o
                0x0800163c                delay_ms
 .text.Stm32_Clock_Init
                0x08001654       0x48 build/sys.o
                0x08001654                Stm32_Clock_Init
 .text.HAL_UART_RxCpltCallback
                0x0800169c       0x78 build/usart.o
                0x0800169c                HAL_UART_RxCpltCallback
 .text.USART1_IRQHandler
                0x08001714       0x2c build/usart.o
                0x08001714                USART1_IRQHandler
 .text.Reset_Handler
                0x08001740       0x48 build/startup_stm32f103xe.o
                0x08001740                Reset_Handler
 .text.Default_Handler
                0x08001788        0x2 build/startup_stm32f103xe.o
                0x08001788                RTC_Alarm_IRQHandler
                0x08001788                EXTI2_IRQHandler
                0x08001788                TIM8_TRG_COM_IRQHandler
                0x08001788                TIM8_CC_IRQHandler
                0x08001788                TIM1_CC_IRQHandler
                0x08001788                TIM6_IRQHandler
                0x08001788                PVD_IRQHandler
                0x08001788                SDIO_IRQHandler
                0x08001788                EXTI3_IRQHandler
                0x08001788                EXTI0_IRQHandler
                0x08001788                I2C2_EV_IRQHandler
                0x08001788                ADC1_2_IRQHandler
                0x08001788                SPI1_IRQHandler
                0x08001788                TAMPER_IRQHandler
                0x08001788                TIM8_UP_IRQHandler
                0x08001788                DMA2_Channel2_IRQHandler
                0x08001788                DMA1_Channel4_IRQHandler
                0x08001788                USART3_IRQHandler
                0x08001788                RTC_IRQHandler
                0x08001788                DMA1_Channel7_IRQHandler
                0x08001788                CAN1_RX1_IRQHandler
                0x08001788                UART5_IRQHandler
                0x08001788                ADC3_IRQHandler
                0x08001788                TIM4_IRQHandler
                0x08001788                DMA2_Channel1_IRQHandler
                0x08001788                I2C1_EV_IRQHandler
                0x08001788                DMA1_Channel6_IRQHandler
                0x08001788                UART4_IRQHandler
                0x08001788                TIM3_IRQHandler
                0x08001788                RCC_IRQHandler
                0x08001788                TIM1_TRG_COM_IRQHandler
                0x08001788                DMA1_Channel1_IRQHandler
                0x08001788                Default_Handler
                0x08001788                EXTI15_10_IRQHandler
                0x08001788                TIM7_IRQHandler
                0x08001788                TIM5_IRQHandler
                0x08001788                EXTI9_5_IRQHandler
                0x08001788                SPI2_IRQHandler
                0x08001788                DMA1_Channel5_IRQHandler
                0x08001788                EXTI4_IRQHandler
                0x08001788                USB_LP_CAN1_RX0_IRQHandler
                0x08001788                USB_HP_CAN1_TX_IRQHandler
                0x08001788                DMA1_Channel3_IRQHandler
                0x08001788                FSMC_IRQHandler
                0x08001788                TIM1_UP_IRQHandler
                0x08001788                WWDG_IRQHandler
                0x08001788                TIM2_IRQHandler
                0x08001788                TIM1_BRK_IRQHandler
                0x08001788                EXTI1_IRQHandler
                0x08001788                DMA2_Channel4_5_IRQHandler
                0x08001788                USART2_IRQHandler
                0x08001788                I2C2_ER_IRQHandler
                0x08001788                DMA1_Channel2_IRQHandler
                0x08001788                TIM8_BRK_IRQHandler
                0x08001788                CAN1_SCE_IRQHandler
                0x08001788                FLASH_IRQHandler
                0x08001788                SPI3_IRQHandler
                0x08001788                I2C1_ER_IRQHandler
                0x08001788                USBWakeUp_IRQHandler
                0x08001788                DMA2_Channel3_IRQHandler
 *fill*         0x0800178a        0x2 
 .text.__libc_init_array
                0x0800178c       0x48 c:/program files (x86)/gnu arm embedded toolchain/10 2021.10/bin/../lib/gcc/arm-none-eabi/10.3.1/../../../../arm-none-eabi/lib/thumb/v7-m/nofp\libc_nano.a(lib_a-init.o)
                0x0800178c                __libc_init_array
 *(.glue_7)
 .glue_7        0x080017d4        0x0 linker stubs
 *(.glue_7t)
 .glue_7t       0x080017d4        0x0 linker stubs
 *(.eh_frame)
 .eh_frame      0x080017d4        0x0 c:/program files (x86)/gnu arm embedded toolchain/10 2021.10/bin/../lib/gcc/arm-none-eabi/10.3.1/thumb/v7-m/nofp/crtbegin.o
 *(.init)
 .init          0x080017d4        0x4 c:/program files (x86)/gnu arm embedded toolchain/10 2021.10/bin/../lib/gcc/arm-none-eabi/10.3.1/thumb/v7-m/nofp/crti.o
                0x080017d4                _init
 .init          0x080017d8        0x8 c:/program files (x86)/gnu arm embedded toolchain/10 2021.10/bin/../lib/gcc/arm-none-eabi/10.3.1/thumb/v7-m/nofp/crtn.o
 *(.fini)
 .fini          0x080017e0        0x4 c:/program files (x86)/gnu arm embedded toolchain/10 2021.10/bin/../lib/gcc/arm-none-eabi/10.3.1/thumb/v7-m/nofp/crti.o
                0x080017e0                _fini
 .fini          0x080017e4        0x8 c:/program files (x86)/gnu arm embedded toolchain/10 2021.10/bin/../lib/gcc/arm-none-eabi/10.3.1/thumb/v7-m/nofp/crtn.o
                0x080017ec                . = ALIGN (0x4)
                0x080017ec                _etext = .

.vfp11_veneer   0x080017ec        0x0
 .vfp11_veneer  0x080017ec        0x0 linker stubs

.v4_bx          0x080017ec        0x0
 .v4_bx         0x080017ec        0x0 linker stubs

.iplt           0x080017ec        0x0
 .iplt          0x080017ec        0x0 c:/program files (x86)/gnu arm embedded toolchain/10 2021.10/bin/../lib/gcc/arm-none-eabi/10.3.1/thumb/v7-m/nofp/crtbegin.o

.rodata         0x080017ec       0x24
                0x080017ec                . = ALIGN (0x4)
 *(.rodata)
 *(.rodata*)
 .rodata.HAL_RCC_GetSysClockFreq.str1.4
                0x080017ec       0x11 build/stm32f1xx_hal_rcc.o
 *fill*         0x080017fd        0x3 
 .rodata.AHBPrescTable
                0x08001800       0x10 build/system_stm32f1xx.o
                0x08001800                AHBPrescTable
                0x08001810                . = ALIGN (0x4)

.rel.dyn        0x08001810        0x0
 .rel.iplt      0x08001810        0x0 c:/program files (x86)/gnu arm embedded toolchain/10 2021.10/bin/../lib/gcc/arm-none-eabi/10.3.1/thumb/v7-m/nofp/crtbegin.o

.ARM.extab
 *(.ARM.extab* .gnu.linkonce.armextab.*)

.ARM            0x08001810        0x0
                0x08001810                __exidx_start = .
 *(.ARM.exidx*)
                0x08001810                __exidx_end = .

.preinit_array  0x08001810        0x0
                0x08001810                PROVIDE (__preinit_array_start = .)
 *(.preinit_array*)
                0x08001810                PROVIDE (__preinit_array_end = .)

.init_array     0x08001810        0x4
                0x08001810                PROVIDE (__init_array_start = .)
 *(SORT_BY_NAME(.init_array.*))
 *(.init_array*)
 .init_array    0x08001810        0x4 c:/program files (x86)/gnu arm embedded toolchain/10 2021.10/bin/../lib/gcc/arm-none-eabi/10.3.1/thumb/v7-m/nofp/crtbegin.o
                0x08001814                PROVIDE (__init_array_end = .)

.fini_array     0x08001814        0x4
                [!provide]                PROVIDE (__fini_array_start = .)
 *(SORT_BY_NAME(.fini_array.*))
 *(.fini_array*)
 .fini_array    0x08001814        0x4 c:/program files (x86)/gnu arm embedded toolchain/10 2021.10/bin/../lib/gcc/arm-none-eabi/10.3.1/thumb/v7-m/nofp/crtbegin.o
                [!provide]                PROVIDE (__fini_array_end = .)
                0x08001818                _sidata = LOADADDR (.data)

.data           0x20000000        0xc load address 0x08001818
                0x20000000                . = ALIGN (0x4)
                0x20000000                _sdata = .
 *(.data)
 *(.data*)
 .data.Key_up.0
                0x20000000        0x1 build/main.o
 .data.uwTickFreq
                0x20000001        0x1 build/stm32f1xx_hal.o
                0x20000001                uwTickFreq
 *fill*         0x20000002        0x2 
 .data.uwTickPrio
                0x20000004        0x4 build/stm32f1xx_hal.o
                0x20000004                uwTickPrio
 .data.SystemCoreClock
                0x20000008        0x4 build/system_stm32f1xx.o
                0x20000008                SystemCoreClock
                0x2000000c                . = ALIGN (0x4)
                0x2000000c                _edata = .

.igot.plt       0x2000000c        0x0 load address 0x08001824
 .igot.plt      0x2000000c        0x0 c:/program files (x86)/gnu arm embedded toolchain/10 2021.10/bin/../lib/gcc/arm-none-eabi/10.3.1/thumb/v7-m/nofp/crtbegin.o
                0x2000000c                . = ALIGN (0x4)

.bss            0x2000000c      0x138 load address 0x08001824
                0x2000000c                _sbss = .
                0x2000000c                __bss_start__ = _sbss
 *(.bss)
 .bss           0x2000000c       0x1c c:/program files (x86)/gnu arm embedded toolchain/10 2021.10/bin/../lib/gcc/arm-none-eabi/10.3.1/thumb/v7-m/nofp/crtbegin.o
 *(.bss*)
 .bss.uwTick    0x20000028        0x4 build/stm32f1xx_hal.o
                0x20000028                uwTick
 .bss.fac_us    0x2000002c        0x4 build/delay.o
 .bss.UART1_Handler
                0x20000030       0x44 build/usart.o
                0x20000030                UART1_Handler
 .bss.USART_RX_BUF
                0x20000074       0xc8 build/usart.o
                0x20000074                USART_RX_BUF
 .bss.USART_RX_STA
                0x2000013c        0x2 build/usart.o
                0x2000013c                USART_RX_STA
 *fill*         0x2000013e        0x2 
 .bss.aRxBuffer
                0x20000140        0x1 build/usart.o
                0x20000140                aRxBuffer
 *(COMMON)
                0x20000144                . = ALIGN (0x4)
 *fill*         0x20000141        0x3 
                0x20000144                _ebss = .
                0x20000144                __bss_end__ = _ebss

._user_heap_stack
                0x20000144      0x604 load address 0x08001824
                0x20000148                . = ALIGN (0x8)
 *fill*         0x20000144        0x4 
                [!provide]                PROVIDE (end = .)
                [!provide]                PROVIDE (_end = .)
                0x20000348                . = (. + _Min_Heap_Size)
 *fill*         0x20000148      0x200 
                0x20000748                . = (. + _Min_Stack_Size)
 *fill*         0x20000348      0x400 
                0x20000748                . = ALIGN (0x8)

/DISCARD/
 libc.a(*)
 libm.a(*)
 libgcc.a(*)

.ARM.attributes
                0x00000000       0x29
 *(.ARM.attributes)
 .ARM.attributes
                0x00000000       0x1d c:/program files (x86)/gnu arm embedded toolchain/10 2021.10/bin/../lib/gcc/arm-none-eabi/10.3.1/thumb/v7-m/nofp/crti.o
 .ARM.attributes
                0x0000001d       0x2d c:/program files (x86)/gnu arm embedded toolchain/10 2021.10/bin/../lib/gcc/arm-none-eabi/10.3.1/thumb/v7-m/nofp/crtbegin.o
 .ARM.attributes
                0x0000004a       0x2d build/main.o
 .ARM.attributes
                0x00000077       0x2d build/stm32f1xx_it.o
 .ARM.attributes
                0x000000a4       0x2d build/stm32f1xx_hal_msp.o
 .ARM.attributes
                0x000000d1       0x2d build/stm32f1xx_hal_uart.o
 .ARM.attributes
                0x000000fe       0x2d build/stm32f1xx_hal.o
 .ARM.attributes
                0x0000012b       0x2d build/stm32f1xx_hal_rcc.o
 .ARM.attributes
                0x00000158       0x2d build/stm32f1xx_hal_gpio.o
 .ARM.attributes
                0x00000185       0x2d build/stm32f1xx_hal_dma.o
 .ARM.attributes
                0x000001b2       0x2d build/stm32f1xx_hal_cortex.o
 .ARM.attributes
                0x000001df       0x2d build/system_stm32f1xx.o
 .ARM.attributes
                0x0000020c       0x2d build/delay.o
 .ARM.attributes
                0x00000239       0x2d build/sys.o
 .ARM.attributes
                0x00000266       0x2d build/usart.o
 .ARM.attributes
                0x00000293       0x21 build/startup_stm32f103xe.o
 .ARM.attributes
                0x000002b4       0x2d c:/program files (x86)/gnu arm embedded toolchain/10 2021.10/bin/../lib/gcc/arm-none-eabi/10.3.1/../../../../arm-none-eabi/lib/thumb/v7-m/nofp\libc_nano.a(lib_a-init.o)
 .ARM.attributes
                0x000002e1       0x1d c:/program files (x86)/gnu arm embedded toolchain/10 2021.10/bin/../lib/gcc/arm-none-eabi/10.3.1/thumb/v7-m/nofp/crtn.o
OUTPUT(build/Template.elf elf32-littlearm)
LOAD linker stubs
LOAD c:/program files (x86)/gnu arm embedded toolchain/10 2021.10/bin/../lib/gcc/arm-none-eabi/10.3.1/../../../../arm-none-eabi/lib/thumb/v7-m/nofp\libc.a
LOAD c:/program files (x86)/gnu arm embedded toolchain/10 2021.10/bin/../lib/gcc/arm-none-eabi/10.3.1/../../../../arm-none-eabi/lib/thumb/v7-m/nofp\libm.a
LOAD c:/program files (x86)/gnu arm embedded toolchain/10 2021.10/bin/../lib/gcc/arm-none-eabi/10.3.1/thumb/v7-m/nofp\libgcc.a

.debug_info     0x00000000     0x7c3a
 .debug_info    0x00000000      0xa81 build/main.o
 .debug_info    0x00000a81      0x15b build/stm32f1xx_it.o
 .debug_info    0x00000bdc      0x238 build/stm32f1xx_hal_msp.o
 .debug_info    0x00000e14     0x1e12 build/stm32f1xx_hal_uart.o
 .debug_info    0x00002c26      0x8bb build/stm32f1xx_hal.o
 .debug_info    0x000034e1      0xaec build/stm32f1xx_hal_rcc.o
 .debug_info    0x00003fcd      0x6d7 build/stm32f1xx_hal_gpio.o
 .debug_info    0x000046a4      0x8ba build/stm32f1xx_hal_dma.o
 .debug_info    0x00004f5e      0xe93 build/stm32f1xx_hal_cortex.o
 .debug_info    0x00005df1      0x26e build/system_stm32f1xx.o
 .debug_info    0x0000605f      0x28b build/delay.o
 .debug_info    0x000062ea      0x318 build/sys.o
 .debug_info    0x00006602     0x1616 build/usart.o
 .debug_info    0x00007c18       0x22 build/startup_stm32f103xe.o

.debug_abbrev   0x00000000     0x194f
 .debug_abbrev  0x00000000      0x1c7 build/main.o
 .debug_abbrev  0x000001c7       0x81 build/stm32f1xx_it.o
 .debug_abbrev  0x00000248       0xe7 build/stm32f1xx_hal_msp.o
 .debug_abbrev  0x0000032f      0x2ab build/stm32f1xx_hal_uart.o
 .debug_abbrev  0x000005da      0x1f7 build/stm32f1xx_hal.o
 .debug_abbrev  0x000007d1      0x29a build/stm32f1xx_hal_rcc.o
 .debug_abbrev  0x00000a6b      0x222 build/stm32f1xx_hal_gpio.o
 .debug_abbrev  0x00000c8d      0x262 build/stm32f1xx_hal_dma.o
 .debug_abbrev  0x00000eef      0x359 build/stm32f1xx_hal_cortex.o
 .debug_abbrev  0x00001248      0x140 build/system_stm32f1xx.o
 .debug_abbrev  0x00001388      0x140 build/delay.o
 .debug_abbrev  0x000014c8      0x17a build/sys.o
 .debug_abbrev  0x00001642      0x2fb build/usart.o
 .debug_abbrev  0x0000193d       0x12 build/startup_stm32f103xe.o

.debug_loc      0x00000000     0x4d6a
 .debug_loc     0x00000000      0x245 build/main.o
 .debug_loc     0x00000245       0x20 build/stm32f1xx_it.o
 .debug_loc     0x00000265       0x41 build/stm32f1xx_hal_msp.o
 .debug_loc     0x000002a6     0x267b build/stm32f1xx_hal_uart.o
 .debug_loc     0x00002921      0x1e1 build/stm32f1xx_hal.o
 .debug_loc     0x00002b02      0x7ee build/stm32f1xx_hal_rcc.o
 .debug_loc     0x000032f0      0x551 build/stm32f1xx_hal_gpio.o
 .debug_loc     0x00003841      0x8ea build/stm32f1xx_hal_dma.o
 .debug_loc     0x0000412b      0x77f build/stm32f1xx_hal_cortex.o
 .debug_loc     0x000048aa       0xff build/system_stm32f1xx.o
 .debug_loc     0x000049a9      0x1c3 build/delay.o
 .debug_loc     0x00004b6c       0x9c build/sys.o
 .debug_loc     0x00004c08      0x162 build/usart.o

.debug_aranges  0x00000000      0x6b0
 .debug_aranges
                0x00000000       0x50 build/main.o
 .debug_aranges
                0x00000050       0x60 build/stm32f1xx_it.o
 .debug_aranges
                0x000000b0       0x20 build/stm32f1xx_hal_msp.o
 .debug_aranges
                0x000000d0      0x200 build/stm32f1xx_hal_uart.o
 .debug_aranges
                0x000002d0       0xe0 build/stm32f1xx_hal.o
 .debug_aranges
                0x000003b0       0x90 build/stm32f1xx_hal_rcc.o
 .debug_aranges
                0x00000440       0x58 build/stm32f1xx_hal_gpio.o
 .debug_aranges
                0x00000498       0x80 build/stm32f1xx_hal_dma.o
 .debug_aranges
                0x00000518       0x90 build/stm32f1xx_hal_cortex.o
 .debug_aranges
                0x000005a8       0x28 build/system_stm32f1xx.o
 .debug_aranges
                0x000005d0       0x30 build/delay.o
 .debug_aranges
                0x00000600       0x40 build/sys.o
 .debug_aranges
                0x00000640       0x48 build/usart.o
 .debug_aranges
                0x00000688       0x28 build/startup_stm32f103xe.o

.debug_ranges   0x00000000      0x658
 .debug_ranges  0x00000000       0x40 build/main.o
 .debug_ranges  0x00000040       0x50 build/stm32f1xx_it.o
 .debug_ranges  0x00000090       0x10 build/stm32f1xx_hal_msp.o
 .debug_ranges  0x000000a0      0x1f0 build/stm32f1xx_hal_uart.o
 .debug_ranges  0x00000290       0xd0 build/stm32f1xx_hal.o
 .debug_ranges  0x00000360       0xa0 build/stm32f1xx_hal_rcc.o
 .debug_ranges  0x00000400       0x48 build/stm32f1xx_hal_gpio.o
 .debug_ranges  0x00000448       0x70 build/stm32f1xx_hal_dma.o
 .debug_ranges  0x000004b8       0xe0 build/stm32f1xx_hal_cortex.o
 .debug_ranges  0x00000598       0x18 build/system_stm32f1xx.o
 .debug_ranges  0x000005b0       0x20 build/delay.o
 .debug_ranges  0x000005d0       0x30 build/sys.o
 .debug_ranges  0x00000600       0x38 build/usart.o
 .debug_ranges  0x00000638       0x20 build/startup_stm32f103xe.o

.debug_line     0x00000000     0x5ef3
 .debug_line    0x00000000      0x469 build/main.o
 .debug_line    0x00000469      0x177 build/stm32f1xx_it.o
 .debug_line    0x000005e0      0x174 build/stm32f1xx_hal_msp.o
 .debug_line    0x00000754     0x20b3 build/stm32f1xx_hal_uart.o
 .debug_line    0x00002807      0x526 build/stm32f1xx_hal.o
 .debug_line    0x00002d2d      0xc24 build/stm32f1xx_hal_rcc.o
 .debug_line    0x00003951      0x5ef build/stm32f1xx_hal_gpio.o
 .debug_line    0x00003f40      0xce3 build/stm32f1xx_hal_dma.o
 .debug_line    0x00004c23      0x631 build/stm32f1xx_hal_cortex.o
 .debug_line    0x00005254      0x23e build/system_stm32f1xx.o
 .debug_line    0x00005492      0x272 build/delay.o
 .debug_line    0x00005704      0x29c build/sys.o
 .debug_line    0x000059a0      0x4de build/usart.o
 .debug_line    0x00005e7e       0x75 build/startup_stm32f103xe.o

.debug_str      0x00000000     0x23ce
 .debug_str     0x00000000      0x2a0 build/main.o
                                0x2f3 (size before relaxing)
 .debug_str     0x000002a0       0xb4 build/stm32f1xx_it.o
                                0x1e8 (size before relaxing)
 .debug_str     0x00000354       0x57 build/stm32f1xx_hal_msp.o
                                0x1e5 (size before relaxing)
 .debug_str     0x000003ab      0xa57 build/stm32f1xx_hal_uart.o
                                0xc54 (size before relaxing)
 .debug_str     0x00000e02      0x6c1 build/stm32f1xx_hal.o
                                0x8ce (size before relaxing)
 .debug_str     0x000014c3      0x2ff build/stm32f1xx_hal_rcc.o
                                0x5f1 (size before relaxing)
 .debug_str     0x000017c2      0x116 build/stm32f1xx_hal_gpio.o
                                0x3c6 (size before relaxing)
 .debug_str     0x000018d8      0x1f6 build/stm32f1xx_hal_dma.o
                                0x5c3 (size before relaxing)
 .debug_str     0x00001ace      0x3c2 build/stm32f1xx_hal_cortex.o
                                0x97d (size before relaxing)
 .debug_str     0x00001e90       0x4f build/system_stm32f1xx.o
                                0x21a (size before relaxing)
 .debug_str     0x00001edf       0x35 build/delay.o
                                0x1ff (size before relaxing)
 .debug_str     0x00001f14       0x67 build/sys.o
                                0x30a (size before relaxing)
 .debug_str     0x00001f7b      0x42f build/usart.o
                                0xe79 (size before relaxing)
 .debug_str     0x000023aa       0x24 build/startup_stm32f103xe.o
                                 0x39 (size before relaxing)

.comment        0x00000000       0x49
 .comment       0x00000000       0x49 build/main.o
                                 0x4a (size before relaxing)
 .comment       0x00000049       0x4a build/stm32f1xx_it.o
 .comment       0x00000049       0x4a build/stm32f1xx_hal_msp.o
 .comment       0x00000049       0x4a build/stm32f1xx_hal_uart.o
 .comment       0x00000049       0x4a build/stm32f1xx_hal.o
 .comment       0x00000049       0x4a build/stm32f1xx_hal_rcc.o
 .comment       0x00000049       0x4a build/stm32f1xx_hal_gpio.o
 .comment       0x00000049       0x4a build/stm32f1xx_hal_dma.o
 .comment       0x00000049       0x4a build/stm32f1xx_hal_cortex.o
 .comment       0x00000049       0x4a build/system_stm32f1xx.o
 .comment       0x00000049       0x4a build/delay.o
 .comment       0x00000049       0x4a build/sys.o
 .comment       0x00000049       0x4a build/usart.o

.debug_frame    0x00000000      0xfd0
 .debug_frame   0x00000000       0xec build/main.o
 .debug_frame   0x000000ec       0xa8 build/stm32f1xx_it.o
 .debug_frame   0x00000194       0x28 build/stm32f1xx_hal_msp.o
 .debug_frame   0x000001bc      0x5c4 build/stm32f1xx_hal_uart.o
 .debug_frame   0x00000780      0x1cc build/stm32f1xx_hal.o
 .debug_frame   0x0000094c      0x190 build/stm32f1xx_hal_rcc.o
 .debug_frame   0x00000adc       0xe4 build/stm32f1xx_hal_gpio.o
 .debug_frame   0x00000bc0      0x140 build/stm32f1xx_hal_dma.o
 .debug_frame   0x00000d00      0x118 build/stm32f1xx_hal_cortex.o
 .debug_frame   0x00000e18       0x30 build/system_stm32f1xx.o
 .debug_frame   0x00000e48       0x60 build/delay.o
 .debug_frame   0x00000ea8       0x6c build/sys.o
 .debug_frame   0x00000f14       0x90 build/usart.o
 .debug_frame   0x00000fa4       0x2c c:/program files (x86)/gnu arm embedded toolchain/10 2021.10/bin/../lib/gcc/arm-none-eabi/10.3.1/../../../../arm-none-eabi/lib/thumb/v7-m/nofp\libc_nano.a(lib_a-init.o)

Cross Reference Table

Symbol                                            File
ADC1_2_IRQHandler                                 build/startup_stm32f103xe.o
ADC3_IRQHandler                                   build/startup_stm32f103xe.o
AHBPrescTable                                     build/system_stm32f1xx.o
                                                  build/stm32f1xx_hal_rcc.o
APBPrescTable                                     build/system_stm32f1xx.o
                                                  build/stm32f1xx_hal_rcc.o
Beep_Init                                         build/main.o
BusFault_Handler                                  build/stm32f1xx_it.o
CAN1_RX1_IRQHandler                               build/startup_stm32f103xe.o
CAN1_SCE_IRQHandler                               build/startup_stm32f103xe.o
DMA1_Channel1_IRQHandler                          build/startup_stm32f103xe.o
DMA1_Channel2_IRQHandler                          build/startup_stm32f103xe.o
DMA1_Channel3_IRQHandler                          build/startup_stm32f103xe.o
DMA1_Channel4_IRQHandler                          build/startup_stm32f103xe.o
DMA1_Channel5_IRQHandler                          build/startup_stm32f103xe.o
DMA1_Channel6_IRQHandler                          build/startup_stm32f103xe.o
DMA1_Channel7_IRQHandler                          build/startup_stm32f103xe.o
DMA2_Channel1_IRQHandler                          build/startup_stm32f103xe.o
DMA2_Channel2_IRQHandler                          build/startup_stm32f103xe.o
DMA2_Channel3_IRQHandler                          build/startup_stm32f103xe.o
DMA2_Channel4_5_IRQHandler                        build/startup_stm32f103xe.o
DebugMon_Handler                                  build/stm32f1xx_it.o
Default_Handler                                   build/startup_stm32f103xe.o
EXTI0_IRQHandler                                  build/startup_stm32f103xe.o
EXTI15_10_IRQHandler                              build/startup_stm32f103xe.o
EXTI1_IRQHandler                                  build/startup_stm32f103xe.o
EXTI2_IRQHandler                                  build/startup_stm32f103xe.o
EXTI3_IRQHandler                                  build/startup_stm32f103xe.o
EXTI4_IRQHandler                                  build/startup_stm32f103xe.o
EXTI9_5_IRQHandler                                build/startup_stm32f103xe.o
FLASH_IRQHandler                                  build/startup_stm32f103xe.o
FLASH_PageErase                                   build/stm32f1xx_hal_flash_ex.o
                                                  build/stm32f1xx_hal_flash.o
FLASH_WaitForLastOperation                        build/stm32f1xx_hal_flash.o
                                                  build/stm32f1xx_hal_flash_ex.o
FSMC_IRQHandler                                   build/startup_stm32f103xe.o
GPIOA_Init                                        build/main.o
HAL_DBGMCU_DisableDBGSleepMode                    build/stm32f1xx_hal.o
HAL_DBGMCU_DisableDBGStandbyMode                  build/stm32f1xx_hal.o
HAL_DBGMCU_DisableDBGStopMode                     build/stm32f1xx_hal.o
HAL_DBGMCU_EnableDBGSleepMode                     build/stm32f1xx_hal.o
HAL_DBGMCU_EnableDBGStandbyMode                   build/stm32f1xx_hal.o
HAL_DBGMCU_EnableDBGStopMode                      build/stm32f1xx_hal.o
HAL_DMA_Abort                                     build/stm32f1xx_hal_dma.o
                                                  build/stm32f1xx_hal_uart.o
HAL_DMA_Abort_IT                                  build/stm32f1xx_hal_dma.o
                                                  build/stm32f1xx_hal_uart.o
HAL_DMA_DeInit                                    build/stm32f1xx_hal_dma.o
HAL_DMA_GetError                                  build/stm32f1xx_hal_dma.o
                                                  build/stm32f1xx_hal_uart.o
HAL_DMA_GetState                                  build/stm32f1xx_hal_dma.o
HAL_DMA_IRQHandler                                build/stm32f1xx_hal_dma.o
HAL_DMA_Init                                      build/stm32f1xx_hal_dma.o
HAL_DMA_PollForTransfer                           build/stm32f1xx_hal_dma.o
HAL_DMA_RegisterCallback                          build/stm32f1xx_hal_dma.o
HAL_DMA_Start                                     build/stm32f1xx_hal_dma.o
HAL_DMA_Start_IT                                  build/stm32f1xx_hal_dma.o
                                                  build/stm32f1xx_hal_uart.o
HAL_DMA_UnRegisterCallback                        build/stm32f1xx_hal_dma.o
HAL_DeInit                                        build/stm32f1xx_hal.o
HAL_Delay                                         build/stm32f1xx_hal.o
HAL_EXTI_ClearConfigLine                          build/stm32f1xx_hal_exti.o
HAL_EXTI_ClearPending                             build/stm32f1xx_hal_exti.o
HAL_EXTI_GenerateSWI                              build/stm32f1xx_hal_exti.o
HAL_EXTI_GetConfigLine                            build/stm32f1xx_hal_exti.o
HAL_EXTI_GetHandle                                build/stm32f1xx_hal_exti.o
HAL_EXTI_GetPending                               build/stm32f1xx_hal_exti.o
HAL_EXTI_IRQHandler                               build/stm32f1xx_hal_exti.o
HAL_EXTI_RegisterCallback                         build/stm32f1xx_hal_exti.o
HAL_EXTI_SetConfigLine                            build/stm32f1xx_hal_exti.o
HAL_FLASHEx_Erase                                 build/stm32f1xx_hal_flash_ex.o
HAL_FLASHEx_Erase_IT                              build/stm32f1xx_hal_flash_ex.o
HAL_FLASHEx_OBErase                               build/stm32f1xx_hal_flash_ex.o
HAL_FLASHEx_OBGetConfig                           build/stm32f1xx_hal_flash_ex.o
HAL_FLASHEx_OBGetUserData                         build/stm32f1xx_hal_flash_ex.o
HAL_FLASHEx_OBProgram                             build/stm32f1xx_hal_flash_ex.o
HAL_FLASH_EndOfOperationCallback                  build/stm32f1xx_hal_flash.o
HAL_FLASH_GetError                                build/stm32f1xx_hal_flash.o
HAL_FLASH_IRQHandler                              build/stm32f1xx_hal_flash.o
HAL_FLASH_Lock                                    build/stm32f1xx_hal_flash.o
HAL_FLASH_OB_Launch                               build/stm32f1xx_hal_flash.o
HAL_FLASH_OB_Lock                                 build/stm32f1xx_hal_flash.o
HAL_FLASH_OB_Unlock                               build/stm32f1xx_hal_flash.o
HAL_FLASH_OperationErrorCallback                  build/stm32f1xx_hal_flash.o
HAL_FLASH_Program                                 build/stm32f1xx_hal_flash.o
HAL_FLASH_Program_IT                              build/stm32f1xx_hal_flash.o
HAL_FLASH_Unlock                                  build/stm32f1xx_hal_flash.o
HAL_GPIOEx_ConfigEventout                         build/stm32f1xx_hal_gpio_ex.o
HAL_GPIOEx_DisableEventout                        build/stm32f1xx_hal_gpio_ex.o
HAL_GPIOEx_EnableEventout                         build/stm32f1xx_hal_gpio_ex.o
HAL_GPIO_DeInit                                   build/stm32f1xx_hal_gpio.o
HAL_GPIO_EXTI_Callback                            build/stm32f1xx_hal_gpio.o
HAL_GPIO_EXTI_IRQHandler                          build/stm32f1xx_hal_gpio.o
HAL_GPIO_Init                                     build/stm32f1xx_hal_gpio.o
                                                  build/usart.o
                                                  build/stm32f1xx_hal_rcc.o
                                                  build/main.o
HAL_GPIO_LockPin                                  build/stm32f1xx_hal_gpio.o
HAL_GPIO_ReadPin                                  build/stm32f1xx_hal_gpio.o
                                                  build/main.o
HAL_GPIO_TogglePin                                build/stm32f1xx_hal_gpio.o
HAL_GPIO_WritePin                                 build/stm32f1xx_hal_gpio.o
                                                  build/main.o
HAL_GetDEVID                                      build/stm32f1xx_hal.o
HAL_GetHalVersion                                 build/stm32f1xx_hal.o
HAL_GetREVID                                      build/stm32f1xx_hal.o
HAL_GetTick                                       build/stm32f1xx_hal.o
                                                  build/stm32f1xx_hal_flash.o
                                                  build/stm32f1xx_hal_dma.o
                                                  build/stm32f1xx_hal_rcc_ex.o
                                                  build/stm32f1xx_hal_rcc.o
                                                  build/stm32f1xx_hal_uart.o
HAL_GetTickFreq                                   build/stm32f1xx_hal.o
HAL_GetTickPrio                                   build/stm32f1xx_hal.o
HAL_GetUIDw0                                      build/stm32f1xx_hal.o
HAL_GetUIDw1                                      build/stm32f1xx_hal.o
HAL_GetUIDw2                                      build/stm32f1xx_hal.o
HAL_HalfDuplex_EnableReceiver                     build/stm32f1xx_hal_uart.o
HAL_HalfDuplex_EnableTransmitter                  build/stm32f1xx_hal_uart.o
HAL_HalfDuplex_Init                               build/stm32f1xx_hal_uart.o
HAL_IncTick                                       build/stm32f1xx_hal.o
                                                  build/stm32f1xx_it.o
HAL_Init                                          build/stm32f1xx_hal.o
                                                  build/main.o
HAL_InitTick                                      build/stm32f1xx_hal.o
                                                  build/stm32f1xx_hal_rcc.o
HAL_LIN_Init                                      build/stm32f1xx_hal_uart.o
HAL_LIN_SendBreak                                 build/stm32f1xx_hal_uart.o
HAL_MspDeInit                                     build/stm32f1xx_hal.o
HAL_MspInit                                       build/stm32f1xx_hal_msp.o
HAL_MultiProcessor_EnterMuteMode                  build/stm32f1xx_hal_uart.o
HAL_MultiProcessor_ExitMuteMode                   build/stm32f1xx_hal_uart.o
HAL_MultiProcessor_Init                           build/stm32f1xx_hal_uart.o
HAL_NVIC_ClearPendingIRQ                          build/stm32f1xx_hal_cortex.o
HAL_NVIC_DisableIRQ                               build/stm32f1xx_hal_cortex.o
HAL_NVIC_EnableIRQ                                build/stm32f1xx_hal_cortex.o
                                                  build/usart.o
HAL_NVIC_GetActive                                build/stm32f1xx_hal_cortex.o
HAL_NVIC_GetPendingIRQ                            build/stm32f1xx_hal_cortex.o
HAL_NVIC_GetPriority                              build/stm32f1xx_hal_cortex.o
HAL_NVIC_GetPriorityGrouping                      build/stm32f1xx_hal_cortex.o
HAL_NVIC_SetPendingIRQ                            build/stm32f1xx_hal_cortex.o
HAL_NVIC_SetPriority                              build/stm32f1xx_hal_cortex.o
                                                  build/usart.o
                                                  build/stm32f1xx_hal.o
HAL_NVIC_SetPriorityGrouping                      build/stm32f1xx_hal_cortex.o
                                                  build/stm32f1xx_hal.o
HAL_NVIC_SystemReset                              build/stm32f1xx_hal_cortex.o
                                                  build/stm32f1xx_hal_flash.o
HAL_PWR_ConfigPVD                                 build/stm32f1xx_hal_pwr.o
HAL_PWR_DeInit                                    build/stm32f1xx_hal_pwr.o
HAL_PWR_DisableBkUpAccess                         build/stm32f1xx_hal_pwr.o
HAL_PWR_DisablePVD                                build/stm32f1xx_hal_pwr.o
HAL_PWR_DisableSEVOnPend                          build/stm32f1xx_hal_pwr.o
HAL_PWR_DisableSleepOnExit                        build/stm32f1xx_hal_pwr.o
HAL_PWR_DisableWakeUpPin                          build/stm32f1xx_hal_pwr.o
HAL_PWR_EnableBkUpAccess                          build/stm32f1xx_hal_pwr.o
HAL_PWR_EnablePVD                                 build/stm32f1xx_hal_pwr.o
HAL_PWR_EnableSEVOnPend                           build/stm32f1xx_hal_pwr.o
HAL_PWR_EnableSleepOnExit                         build/stm32f1xx_hal_pwr.o
HAL_PWR_EnableWakeUpPin                           build/stm32f1xx_hal_pwr.o
HAL_PWR_EnterSLEEPMode                            build/stm32f1xx_hal_pwr.o
HAL_PWR_EnterSTANDBYMode                          build/stm32f1xx_hal_pwr.o
HAL_PWR_EnterSTOPMode                             build/stm32f1xx_hal_pwr.o
HAL_PWR_PVDCallback                               build/stm32f1xx_hal_pwr.o
HAL_PWR_PVD_IRQHandler                            build/stm32f1xx_hal_pwr.o
HAL_RCCEx_GetPeriphCLKConfig                      build/stm32f1xx_hal_rcc_ex.o
HAL_RCCEx_GetPeriphCLKFreq                        build/stm32f1xx_hal_rcc_ex.o
HAL_RCCEx_PeriphCLKConfig                         build/stm32f1xx_hal_rcc_ex.o
HAL_RCC_CSSCallback                               build/stm32f1xx_hal_rcc.o
HAL_RCC_ClockConfig                               build/stm32f1xx_hal_rcc.o
                                                  build/sys.o
HAL_RCC_DeInit                                    build/stm32f1xx_hal_rcc.o
HAL_RCC_DisableCSS                                build/stm32f1xx_hal_rcc.o
HAL_RCC_EnableCSS                                 build/stm32f1xx_hal_rcc.o
HAL_RCC_GetClockConfig                            build/stm32f1xx_hal_rcc.o
HAL_RCC_GetHCLKFreq                               build/stm32f1xx_hal_rcc.o
HAL_RCC_GetOscConfig                              build/stm32f1xx_hal_rcc.o
HAL_RCC_GetPCLK1Freq                              build/stm32f1xx_hal_rcc.o
                                                  build/stm32f1xx_hal_uart.o
HAL_RCC_GetPCLK2Freq                              build/stm32f1xx_hal_rcc.o
                                                  build/stm32f1xx_hal_rcc_ex.o
                                                  build/stm32f1xx_hal_uart.o
HAL_RCC_GetSysClockFreq                           build/stm32f1xx_hal_rcc.o
                                                  build/stm32f1xx_hal_rcc_ex.o
HAL_RCC_MCOConfig                                 build/stm32f1xx_hal_rcc.o
HAL_RCC_NMI_IRQHandler                            build/stm32f1xx_hal_rcc.o
HAL_RCC_OscConfig                                 build/stm32f1xx_hal_rcc.o
                                                  build/sys.o
HAL_ResumeTick                                    build/stm32f1xx_hal.o
HAL_SYSTICK_CLKSourceConfig                       build/stm32f1xx_hal_cortex.o
                                                  build/delay.o
HAL_SYSTICK_Callback                              build/stm32f1xx_hal_cortex.o
HAL_SYSTICK_Config                                build/stm32f1xx_hal_cortex.o
                                                  build/stm32f1xx_hal.o
HAL_SYSTICK_IRQHandler                            build/stm32f1xx_hal_cortex.o
HAL_SetTickFreq                                   build/stm32f1xx_hal.o
HAL_SuspendTick                                   build/stm32f1xx_hal.o
HAL_UARTEx_ReceiveToIdle                          build/stm32f1xx_hal_uart.o
HAL_UARTEx_ReceiveToIdle_DMA                      build/stm32f1xx_hal_uart.o
HAL_UARTEx_ReceiveToIdle_IT                       build/stm32f1xx_hal_uart.o
HAL_UARTEx_RxEventCallback                        build/stm32f1xx_hal_uart.o
HAL_UART_Abort                                    build/stm32f1xx_hal_uart.o
HAL_UART_AbortCpltCallback                        build/stm32f1xx_hal_uart.o
HAL_UART_AbortReceive                             build/stm32f1xx_hal_uart.o
HAL_UART_AbortReceiveCpltCallback                 build/stm32f1xx_hal_uart.o
HAL_UART_AbortReceive_IT                          build/stm32f1xx_hal_uart.o
HAL_UART_AbortTransmit                            build/stm32f1xx_hal_uart.o
HAL_UART_AbortTransmitCpltCallback                build/stm32f1xx_hal_uart.o
HAL_UART_AbortTransmit_IT                         build/stm32f1xx_hal_uart.o
HAL_UART_Abort_IT                                 build/stm32f1xx_hal_uart.o
HAL_UART_DMAPause                                 build/stm32f1xx_hal_uart.o
HAL_UART_DMAResume                                build/stm32f1xx_hal_uart.o
HAL_UART_DMAStop                                  build/stm32f1xx_hal_uart.o
HAL_UART_DeInit                                   build/stm32f1xx_hal_uart.o
HAL_UART_ErrorCallback                            build/stm32f1xx_hal_uart.o
HAL_UART_GetError                                 build/stm32f1xx_hal_uart.o
HAL_UART_GetState                                 build/stm32f1xx_hal_uart.o
                                                  build/usart.o
HAL_UART_IRQHandler                               build/stm32f1xx_hal_uart.o
                                                  build/usart.o
HAL_UART_Init                                     build/stm32f1xx_hal_uart.o
                                                  build/usart.o
HAL_UART_MspDeInit                                build/stm32f1xx_hal_uart.o
HAL_UART_MspInit                                  build/usart.o
                                                  build/stm32f1xx_hal_uart.o
HAL_UART_Receive                                  build/stm32f1xx_hal_uart.o
HAL_UART_Receive_DMA                              build/stm32f1xx_hal_uart.o
HAL_UART_Receive_IT                               build/stm32f1xx_hal_uart.o
                                                  build/usart.o
HAL_UART_RxCpltCallback                           build/usart.o
                                                  build/stm32f1xx_hal_uart.o
HAL_UART_RxHalfCpltCallback                       build/stm32f1xx_hal_uart.o
HAL_UART_Transmit                                 build/stm32f1xx_hal_uart.o
HAL_UART_Transmit_DMA                             build/stm32f1xx_hal_uart.o
HAL_UART_Transmit_IT                              build/stm32f1xx_hal_uart.o
HAL_UART_TxCpltCallback                           build/stm32f1xx_hal_uart.o
HAL_UART_TxHalfCpltCallback                       build/stm32f1xx_hal_uart.o
HardFault_Handler                                 build/stm32f1xx_it.o
I2C1_ER_IRQHandler                                build/startup_stm32f103xe.o
I2C1_EV_IRQHandler                                build/startup_stm32f103xe.o
I2C2_ER_IRQHandler                                build/startup_stm32f103xe.o
I2C2_EV_IRQHandler                                build/startup_stm32f103xe.o
INTX_DISABLE                                      build/sys.o
INTX_ENABLE                                       build/sys.o
Key_Init                                          build/main.o
Key_Scan                                          build/main.o
LED_Init                                          build/main.o
MSR_MSP                                           build/sys.o
MX_GPIO_Init                                      build/gpio.o
MemManage_Handler                                 build/stm32f1xx_it.o
NMI_Handler                                       build/stm32f1xx_it.o
PVD_IRQHandler                                    build/startup_stm32f103xe.o
PWM_MG90S                                         build/main.o
PendSV_Handler                                    build/stm32f1xx_it.o
RCC_IRQHandler                                    build/startup_stm32f103xe.o
RTC_Alarm_IRQHandler                              build/startup_stm32f103xe.o
RTC_IRQHandler                                    build/startup_stm32f103xe.o
Reset_Handler                                     build/startup_stm32f103xe.o
SDIO_IRQHandler                                   build/startup_stm32f103xe.o
SEGGER_RTT_AllocDownBuffer                        build/SEGGER_RTT.o
SEGGER_RTT_AllocUpBuffer                          build/SEGGER_RTT.o
SEGGER_RTT_ConfigDownBuffer                       build/SEGGER_RTT.o
SEGGER_RTT_ConfigUpBuffer                         build/SEGGER_RTT.o
SEGGER_RTT_GetAvailWriteSpace                     build/SEGGER_RTT.o
SEGGER_RTT_GetBytesInBuffer                       build/SEGGER_RTT.o
SEGGER_RTT_GetKey                                 build/SEGGER_RTT.o
SEGGER_RTT_HasData                                build/SEGGER_RTT.o
SEGGER_RTT_HasDataUp                              build/SEGGER_RTT.o
SEGGER_RTT_HasKey                                 build/SEGGER_RTT.o
SEGGER_RTT_Init                                   build/SEGGER_RTT.o
SEGGER_RTT_PutChar                                build/SEGGER_RTT.o
SEGGER_RTT_PutCharSkip                            build/SEGGER_RTT.o
SEGGER_RTT_PutCharSkipNoLock                      build/SEGGER_RTT.o
SEGGER_RTT_Read                                   build/SEGGER_RTT.o
SEGGER_RTT_ReadNoLock                             build/SEGGER_RTT.o
SEGGER_RTT_ReadUpBuffer                           build/SEGGER_RTT.o
SEGGER_RTT_ReadUpBufferNoLock                     build/SEGGER_RTT.o
SEGGER_RTT_SetFlagsDownBuffer                     build/SEGGER_RTT.o
SEGGER_RTT_SetFlagsUpBuffer                       build/SEGGER_RTT.o
SEGGER_RTT_SetNameDownBuffer                      build/SEGGER_RTT.o
SEGGER_RTT_SetNameUpBuffer                        build/SEGGER_RTT.o
SEGGER_RTT_SetTerminal                            build/SEGGER_RTT.o
SEGGER_RTT_TerminalOut                            build/SEGGER_RTT.o
SEGGER_RTT_WaitKey                                build/SEGGER_RTT.o
SEGGER_RTT_Write                                  build/SEGGER_RTT.o
                                                  build/SEGGER_RTT_printf.o
SEGGER_RTT_WriteDownBuffer                        build/SEGGER_RTT.o
SEGGER_RTT_WriteDownBufferNoLock                  build/SEGGER_RTT.o
SEGGER_RTT_WriteNoLock                            build/SEGGER_RTT.o
SEGGER_RTT_WriteString                            build/SEGGER_RTT.o
SEGGER_RTT_WriteWithOverwriteNoLock               build/SEGGER_RTT.o
SEGGER_RTT_printf                                 build/SEGGER_RTT_printf.o
SEGGER_RTT_vprintf                                build/SEGGER_RTT_printf.o
SPI1_IRQHandler                                   build/startup_stm32f103xe.o
SPI2_IRQHandler                                   build/startup_stm32f103xe.o
SPI3_IRQHandler                                   build/startup_stm32f103xe.o
SVC_Handler                                       build/stm32f1xx_it.o
Stm32_Clock_Init                                  build/sys.o
                                                  build/main.o
SysTick_Handler                                   build/stm32f1xx_it.o
SystemCoreClock                                   build/system_stm32f1xx.o
                                                  build/stm32f1xx_hal_rcc.o
                                                  build/stm32f1xx_hal.o
SystemCoreClockUpdate                             build/system_stm32f1xx.o
SystemInit                                        build/system_stm32f1xx.o
                                                  build/startup_stm32f103xe.o
TAMPER_IRQHandler                                 build/startup_stm32f103xe.o
TIM1_BRK_IRQHandler                               build/startup_stm32f103xe.o
TIM1_CC_IRQHandler                                build/startup_stm32f103xe.o
TIM1_TRG_COM_IRQHandler                           build/startup_stm32f103xe.o
TIM1_UP_IRQHandler                                build/startup_stm32f103xe.o
TIM2_IRQHandler                                   build/startup_stm32f103xe.o
TIM3_IRQHandler                                   build/startup_stm32f103xe.o
TIM4_IRQHandler                                   build/startup_stm32f103xe.o
TIM5_IRQHandler                                   build/startup_stm32f103xe.o
TIM6_IRQHandler                                   build/startup_stm32f103xe.o
TIM7_IRQHandler                                   build/startup_stm32f103xe.o
TIM8_BRK_IRQHandler                               build/startup_stm32f103xe.o
TIM8_CC_IRQHandler                                build/startup_stm32f103xe.o
TIM8_TRG_COM_IRQHandler                           build/startup_stm32f103xe.o
TIM8_UP_IRQHandler                                build/startup_stm32f103xe.o
UART1_Handler                                     build/usart.o
UART4_IRQHandler                                  build/startup_stm32f103xe.o
UART5_IRQHandler                                  build/startup_stm32f103xe.o
UART_Start_Receive_DMA                            build/stm32f1xx_hal_uart.o
UART_Start_Receive_IT                             build/stm32f1xx_hal_uart.o
USART1_IRQHandler                                 build/usart.o
USART2_IRQHandler                                 build/startup_stm32f103xe.o
USART3_IRQHandler                                 build/startup_stm32f103xe.o
USART_RX_BUF                                      build/usart.o
USART_RX_STA                                      build/usart.o
USBWakeUp_IRQHandler                              build/startup_stm32f103xe.o
USB_HP_CAN1_TX_IRQHandler                         build/startup_stm32f103xe.o
USB_LP_CAN1_RX0_IRQHandler                        build/startup_stm32f103xe.o
UsageFault_Handler                                build/stm32f1xx_it.o
WFI_SET                                           build/sys.o
WWDG_IRQHandler                                   build/startup_stm32f103xe.o
_SEGGER_RTT                                       build/SEGGER_RTT.o
__bss_end__                                       c:/program files (x86)/gnu arm embedded toolchain/10 2021.10/bin/../lib/gcc/arm-none-eabi/10.3.1/../../../../arm-none-eabi/lib/thumb/v7-m/nofp/crt0.o
__bss_start__                                     c:/program files (x86)/gnu arm embedded toolchain/10 2021.10/bin/../lib/gcc/arm-none-eabi/10.3.1/../../../../arm-none-eabi/lib/thumb/v7-m/nofp/crt0.o
__call_exitprocs                                  c:/program files (x86)/gnu arm embedded toolchain/10 2021.10/bin/../lib/gcc/arm-none-eabi/10.3.1/../../../../arm-none-eabi/lib/thumb/v7-m/nofp\libc_nano.a(lib_a-exit.o)
__deregister_frame_info                           c:/program files (x86)/gnu arm embedded toolchain/10 2021.10/bin/../lib/gcc/arm-none-eabi/10.3.1/thumb/v7-m/nofp/crtbegin.o
__dso_handle                                      c:/program files (x86)/gnu arm embedded toolchain/10 2021.10/bin/../lib/gcc/arm-none-eabi/10.3.1/thumb/v7-m/nofp/crtbegin.o
__init_array_end                                  c:/program files (x86)/gnu arm embedded toolchain/10 2021.10/bin/../lib/gcc/arm-none-eabi/10.3.1/../../../../arm-none-eabi/lib/thumb/v7-m/nofp\libc_nano.a(lib_a-init.o)
__init_array_start                                c:/program files (x86)/gnu arm embedded toolchain/10 2021.10/bin/../lib/gcc/arm-none-eabi/10.3.1/../../../../arm-none-eabi/lib/thumb/v7-m/nofp\libc_nano.a(lib_a-init.o)
__libc_fini_array                                 c:/program files (x86)/gnu arm embedded toolchain/10 2021.10/bin/../lib/gcc/arm-none-eabi/10.3.1/../../../../arm-none-eabi/lib/thumb/v7-m/nofp/crt0.o
__libc_init_array                                 c:/program files (x86)/gnu arm embedded toolchain/10 2021.10/bin/../lib/gcc/arm-none-eabi/10.3.1/../../../../arm-none-eabi/lib/thumb/v7-m/nofp\libc_nano.a(lib_a-init.o)
                                                  build/startup_stm32f103xe.o
                                                  c:/program files (x86)/gnu arm embedded toolchain/10 2021.10/bin/../lib/gcc/arm-none-eabi/10.3.1/../../../../arm-none-eabi/lib/thumb/v7-m/nofp/crt0.o
__preinit_array_end                               c:/program files (x86)/gnu arm embedded toolchain/10 2021.10/bin/../lib/gcc/arm-none-eabi/10.3.1/../../../../arm-none-eabi/lib/thumb/v7-m/nofp\libc_nano.a(lib_a-init.o)
__preinit_array_start                             c:/program files (x86)/gnu arm embedded toolchain/10 2021.10/bin/../lib/gcc/arm-none-eabi/10.3.1/../../../../arm-none-eabi/lib/thumb/v7-m/nofp\libc_nano.a(lib_a-init.o)
__register_frame_info                             c:/program files (x86)/gnu arm embedded toolchain/10 2021.10/bin/../lib/gcc/arm-none-eabi/10.3.1/thumb/v7-m/nofp/crtbegin.o
__sf_fake_stderr                                  c:/program files (x86)/gnu arm embedded toolchain/10 2021.10/bin/../lib/gcc/arm-none-eabi/10.3.1/../../../../arm-none-eabi/lib/thumb/v7-m/nofp\libc_nano.a(lib_a-impure.o)
__sf_fake_stdin                                   c:/program files (x86)/gnu arm embedded toolchain/10 2021.10/bin/../lib/gcc/arm-none-eabi/10.3.1/../../../../arm-none-eabi/lib/thumb/v7-m/nofp\libc_nano.a(lib_a-impure.o)
__sf_fake_stdout                                  c:/program files (x86)/gnu arm embedded toolchain/10 2021.10/bin/../lib/gcc/arm-none-eabi/10.3.1/../../../../arm-none-eabi/lib/thumb/v7-m/nofp\libc_nano.a(lib_a-impure.o)
__stack                                           c:/program files (x86)/gnu arm embedded toolchain/10 2021.10/bin/../lib/gcc/arm-none-eabi/10.3.1/../../../../arm-none-eabi/lib/thumb/v7-m/nofp/crt0.o
__stdout                                          build/usart.o
_ebss                                             build/startup_stm32f103xe.o
_edata                                            build/startup_stm32f103xe.o
_estack                                           build/startup_stm32f103xe.o
_exit                                             c:/program files (x86)/gnu arm embedded toolchain/10 2021.10/bin/../lib/gcc/arm-none-eabi/10.3.1/../../../../arm-none-eabi/lib/thumb/v7-m/nofp\libnosys.a(_exit.o)
                                                  c:/program files (x86)/gnu arm embedded toolchain/10 2021.10/bin/../lib/gcc/arm-none-eabi/10.3.1/../../../../arm-none-eabi/lib/thumb/v7-m/nofp\libc_nano.a(lib_a-exit.o)
_fini                                             c:/program files (x86)/gnu arm embedded toolchain/10 2021.10/bin/../lib/gcc/arm-none-eabi/10.3.1/thumb/v7-m/nofp/crti.o
_global_impure_ptr                                c:/program files (x86)/gnu arm embedded toolchain/10 2021.10/bin/../lib/gcc/arm-none-eabi/10.3.1/../../../../arm-none-eabi/lib/thumb/v7-m/nofp\libc_nano.a(lib_a-impure.o)
                                                  c:/program files (x86)/gnu arm embedded toolchain/10 2021.10/bin/../lib/gcc/arm-none-eabi/10.3.1/../../../../arm-none-eabi/lib/thumb/v7-m/nofp\libc_nano.a(lib_a-exit.o)
_impure_ptr                                       c:/program files (x86)/gnu arm embedded toolchain/10 2021.10/bin/../lib/gcc/arm-none-eabi/10.3.1/../../../../arm-none-eabi/lib/thumb/v7-m/nofp\libc_nano.a(lib_a-impure.o)
_init                                             c:/program files (x86)/gnu arm embedded toolchain/10 2021.10/bin/../lib/gcc/arm-none-eabi/10.3.1/thumb/v7-m/nofp/crti.o
                                                  c:/program files (x86)/gnu arm embedded toolchain/10 2021.10/bin/../lib/gcc/arm-none-eabi/10.3.1/../../../../arm-none-eabi/lib/thumb/v7-m/nofp\libc_nano.a(lib_a-init.o)
_mainCRTStartup                                   c:/program files (x86)/gnu arm embedded toolchain/10 2021.10/bin/../lib/gcc/arm-none-eabi/10.3.1/../../../../arm-none-eabi/lib/thumb/v7-m/nofp/crt0.o
_sbss                                             build/startup_stm32f103xe.o
_sdata                                            build/startup_stm32f103xe.o
_sidata                                           build/startup_stm32f103xe.o
_stack_init                                       c:/program files (x86)/gnu arm embedded toolchain/10 2021.10/bin/../lib/gcc/arm-none-eabi/10.3.1/../../../../arm-none-eabi/lib/thumb/v7-m/nofp/crt0.o
_start                                            c:/program files (x86)/gnu arm embedded toolchain/10 2021.10/bin/../lib/gcc/arm-none-eabi/10.3.1/../../../../arm-none-eabi/lib/thumb/v7-m/nofp/crt0.o
_sys_exit                                         build/usart.o
aRxBuffer                                         build/usart.o
atexit                                            c:/program files (x86)/gnu arm embedded toolchain/10 2021.10/bin/../lib/gcc/arm-none-eabi/10.3.1/../../../../arm-none-eabi/lib/thumb/v7-m/nofp/crt0.o
delay_init                                        build/delay.o
                                                  build/main.o
delay_ms                                          build/delay.o
                                                  build/main.o
delay_us                                          build/delay.o
                                                  build/main.o
exit                                              c:/program files (x86)/gnu arm embedded toolchain/10 2021.10/bin/../lib/gcc/arm-none-eabi/10.3.1/../../../../arm-none-eabi/lib/thumb/v7-m/nofp\libc_nano.a(lib_a-exit.o)
                                                  c:/program files (x86)/gnu arm embedded toolchain/10 2021.10/bin/../lib/gcc/arm-none-eabi/10.3.1/../../../../arm-none-eabi/lib/thumb/v7-m/nofp/crt0.o
fputc                                             build/usart.o
g_pfnVectors                                      build/startup_stm32f103xe.o
hardware_init_hook                                c:/program files (x86)/gnu arm embedded toolchain/10 2021.10/bin/../lib/gcc/arm-none-eabi/10.3.1/../../../../arm-none-eabi/lib/thumb/v7-m/nofp/crt0.o
main                                              build/main.o
                                                  build/startup_stm32f103xe.o
                                                  c:/program files (x86)/gnu arm embedded toolchain/10 2021.10/bin/../lib/gcc/arm-none-eabi/10.3.1/../../../../arm-none-eabi/lib/thumb/v7-m/nofp/crt0.o
memcpy                                            c:/program files (x86)/gnu arm embedded toolchain/10 2021.10/bin/../lib/gcc/arm-none-eabi/10.3.1/../../../../arm-none-eabi/lib/thumb/v7-m/nofp\libc_nano.a(lib_a-memcpy-stub.o)
                                                  build/SEGGER_RTT.o
memset                                            c:/program files (x86)/gnu arm embedded toolchain/10 2021.10/bin/../lib/gcc/arm-none-eabi/10.3.1/../../../../arm-none-eabi/lib/thumb/v7-m/nofp\libc_nano.a(lib_a-memset.o)
                                                  build/SEGGER_RTT.o
                                                  c:/program files (x86)/gnu arm embedded toolchain/10 2021.10/bin/../lib/gcc/arm-none-eabi/10.3.1/../../../../arm-none-eabi/lib/thumb/v7-m/nofp/crt0.o
pFlash                                            build/stm32f1xx_hal_flash.o
                                                  build/stm32f1xx_hal_flash_ex.o
software_init_hook                                c:/program files (x86)/gnu arm embedded toolchain/10 2021.10/bin/../lib/gcc/arm-none-eabi/10.3.1/../../../../arm-none-eabi/lib/thumb/v7-m/nofp/crt0.o
strlen                                            c:/program files (x86)/gnu arm embedded toolchain/10 2021.10/bin/../lib/gcc/arm-none-eabi/10.3.1/../../../../arm-none-eabi/lib/thumb/v7-m/nofp\libc_nano.a(lib_a-strlen.o)
                                                  build/SEGGER_RTT.o
uart_init                                         build/usart.o
uwTick                                            build/stm32f1xx_hal.o
uwTickFreq                                        build/stm32f1xx_hal.o
uwTickPrio                                        build/stm32f1xx_hal.o
                                                  build/stm32f1xx_hal_rcc.o
